╭─ Settings ───────────────────────────────────────────╮
│  Log limit        100                                │
│  Apply hide rules on                                 │
│> Hide rules       3 rules · 2 on                     │
│                                                      │
│enter open · ↑↓ move · ctrl+s save · esc cancel       │
╰──────────────────────────────────────────────────────╯