╭─ Side-by-side ─────────────────────────────╮
│before               │after                 │
│─────────────────────┼──────────────────────│
│ quick brown fox jump│ quick brown fox jumps│
│k my box with five do│k my crate with five d│
│ vexingly quick daft │ vexingly quick daft z│
╰────── words.txt · 2-4 of 4 · esc close ────╯