╭─ Hide rules ─────────────────────────────────────────────────────────╮
│> [x] ^build/                                                         │
│  [x] \.class$                                                        │
│  [ ] ^vendor/                                                        │
│                                                                      │
│                                                                      │
│a add · e edit · d delete · space on/off · ctrl+s save · esc cancel   │
╰──────────────────────────────────────────────────────────────────────╯