╭─ Changelist name ────────────────────╮
│hotfix                                │
│                                      │
│Existing changelists:                 │
│  feature-x                           │
│> hotfix                              │
│↑↓ pick · tab back · esc cancel       │
╰──────────────────────────────────────╯