╭─ Hide rules ─────────────────────────────────────────────────────────╮
│  [x] ^build/                                                         │
│> [x] \.class$                                                        │
│  [ ] ^vendor/                                                        │
│                                                                      │
│                                                                      │
│enter keep · esc discard                                              │
╰──────────────────────────────────────────────────────────────────────╯