╭─ Changelist name ────────────────────╮
│feat                                  │
│                                      │
│Existing changelists:                 │
│  feature-x                           │
│  hotfix                              │
│enter save · tab list · esc cancel    │
╰──────────────────────────────────────╯