╭─ [1] Status ─────────────────╮╭─ Main ───────────────────────────────────────╮
│https://svn.example.com/repo/t││feature.go                                    │
│r42                           ││state: modified (M)                           │
│2 change(s)                   ││changelist: feature-x                         │
╰──────────────────────────────╯│                                              │
╭─ [2] ─ feature-x ────────────╮│Loading diff…                                 │
│> ● M feature.go              ││                                              │
│  ● A other.go                ││                                              │
│                              ││                                              │
│                              ││                                              │
│                              ││                                              │
│                              ││                                              │
│                              ││                                              │
╰──────────────────────────────╯│                                              │
╭─ [3] Log ────────────────────╮│                                              │
│  Rev    Author     Message   ││                                              │
│                              ││                                              │
│                              ││                                              │
│                              ││                                              │
│                              ││                                              │
│                              ││                                              │
│                              ││                                              │
╰──────────────────────────────╯╰──────────────────────────────────────────────╯
space unstage · c commit · esc back · [ ] view · ? help                         