╭─ [1] Status ─────────────────╮╭─ Main ───────────────────────────────────────╮
│https://svn.example.com/repo/t││changelist: feature-x                         │
│r42                           ││                                              │
│2 change(s)                   ││Loading diff…                                 │
│━━━━━━━━━━━━━━━━━━━━━━━━━━────││                                              │
╰──────────────────────────────╯│                                              │
╭─ [2] ─ feature-x ────────────╮│                                              │
│  ▾ /                         ││                                              │
│>   ● M feature.go            ││                                              │
│    ● A other.go              ││                                              │
│                              ││                                              │
│                              ││                                              │
│                              ││                                              │
╰──────────────────────────────╯│                                              │
╭─ [3] Log ────────────────────╮│                                              │
│  Rev    Author     Message   ││                                              │
│                              ││                                              │
│                              ││                                              │
│                              ││                                              │
│                              ││                                              │
│                              ││                                              │
│                              ││                                              │
╰──────────────────────────────╯╰──────────────────────────────────────────────╯
space unstage · c commit · esc back · [ ] view · ? help                         