╭─ [1] Status ─────────────────╮╭─ [0] Diff ───────────────────────────────────╮
│Root      /home/alice/work/wc ││changelist: (staged)                          │
│Source    /home/alice/work/wc ││                                              │
│CWD       /home/alice/work/wc ││Loading diff…                                 │
│Revision  r42                 ││                                              │
│                              ││                                              │
╰───────────────╭─ Commit message ─────────────────────────────╮               │
╭─ [2] ─ Changes│Fix status parsing                            │               │
│  ▾ /          │                                              │               │
│>   ● M modifie│                                              │               │
│               │                                              │               │
│               │                                              │               │
│               │                                              │               │
│               │                                              │               │
╰───────────────│                                              │               │
╭─ [3] Log ─────│                                              │               │
│  Rev Author Me│ctrl+s submit · esc cancel                    │               │
│               ╰──────────────────────────────────────────────╯               │
│                              ││                                              │
│                              ││                                              │
│                              ││                                              │
│                              ││                                              │
╰──────────────────────────────╯╰──────────────────────────────────────────────╯
space stage · n changelist · c commit · r revert · d delete · ? help            