╭─ [1] Status ─────────────────╮╭─ Main ───────────────────────────────────────╮
│https://svn.example╭─ Keybindings ────────────────────────╮                   │
│r42                │> Stage / unstage                space│                   │
│1 change(s)        │  Assign changelist                  n│                   │
│━━━━━━━━━━━━━━━━━━━│  Commit staged / changelist         c│                   │
╰───────────────────│  Switch file view               [ / ]│                   │
╭─ [2] ─ Changes ───│  Expand changelist              enter│                   │
│  ▾ /              │  Revert file                        r│                   │
│>     M modified.go│  Delete file                        d│                   │
│                   │  Update working copy                u│                   │
│                   │  Refresh                            R│                   │
│                   │  Change theme                       t│                   │
│                   │  Jump to panel                1 2 3 0│                   │
╰───────────────────│  Cycle panels         tab / shift+tab│                   │
╭─ [3] Log ─────────│  Move up / down                 k / j│                   │
│  Rev Author Messag│  Jump top / bottom              g / G│                   │
│                   │  Scroll main up / down          K / J│                   │
│                   │  Scroll main left / right       h / l│                   │
│                   │  Line start / end          home / end│                   │
│                   │  Toggle directory diff              D│                   │
│                   │  Toggle help                        ?│                   │
│                   │  Quit                               q│                   │
╰───────────────────╰──────────────────────────────────────╯───────────────────╯
space stage · n changelist · c commit · r revert · d delete · ? help            