╭─ [1] Status ─────────────────╮╭─ [0] Diff ───────────────────────────────────╮
│Root      /home/alice/work/wc ││Loading diff…                                 │
│Source    /home/alice/work/wc ││                                              │
│CWD       /home/alice/work/wc ││                                              │
│Branch    trunk               ││                                              │
│Revision  r42                 ││                                              │
│                              ││                                              │
╰──────────────────────────────╯│                                              │
╭─ [2] ─ Changes ─── Changelist╮│                                              │
│   ▾ /             ╭─ Update available: v1.5.0 ───────────╮                   │
│>      M modified.g│> Update with cURL                    │                   │
│                   │  Update with Go                      │                   │
│                   │  Don't update this time              │                   │
╰────────────────── ╰──────────────────────────────────────╯                   │
╭─ [3] Log ────────────────────╮│                                              │
│  Rev Author Message          ││                                              │
│                              │╰──────────────────────────────────────────────╯
│                              │╭─ Command Log ────────────────────────────────╮
│                              ││No svn commands run yet.                      │
╰──────────────────────────────╯│                                              │
╭─ [4] Shelf ──────────────────╮│                                              │
│                              ││                                              │
╰──────────────────────────────╯╰──────────────────────────────────────────────╯
space stage · a add · v pick · n changelist · c commit · r revert · d delete · …