╭─ [1] Status ─────────────────╮╭─ [0] Diff ───────────────────────────────────╮
│Root      /home/alice/work/wc ││Loading diff…                                 │
│Source    /home/alice/work/wc ││                                              │
│CWD       /home/alice/work/wc ││                                              │
│Revision  r42                 ││                                              │
│                              ││                                              │
╰──────────────────────────────╯│                                              │
╭─ [2] ─ Changes ─── Changelist╮│                                              │
│  ▾ /              ╭─ Delete file? ───────────────────────╮                   │
│    ▾ internal/    │internal/app/app.go will be scheduled │                   │
│      ▾ app/       │for deletion (removed on the next     │                   │
│>         M app.go │commit).                              │                   │
│                   │                                      │                   │
│                   │enter confirm · esc cancel            │                   │
╰────────────────── ╰──────────────────────────────────────╯                   │
╭─ [3] Log ────────────────────╮│                                              │
│  Rev Author Message          ││                                              │
│                              ││                                              │
│                              ││                                              │
│                              ││                                              │
│                              ││                                              │
│                              ││                                              │
╰──────────────────────────────╯╰──────────────────────────────────────────────╯
space stage · n changelist · c commit · r revert · d delete · ? help            