╭─ [1] Status ─────────────────╮╭─ Main ───────────────────────────────────────╮
│https://svn.example.com/repo/t││Loading diff…                                 │
│r42                           ││                                              │
│1 change(s)                   ││                                              │
│━━━━━━━━━━━━━━━━━━━━━━━━━━────││                                              │
╰──────────────────────────────╯│                                              │
╭─ [2] ─ Changes ─── Changelist╮│                                              │
│  ▾ /                         ││                                              │
│    ▾ internal/    ╭─ Delete file? ───────────────────────╮                   │
│      ▾ app/       │internal/app/app.go will be scheduled │                   │
│>         M app.go │for deletion (removed on the next     │                   │
│                   │commit).                              │                   │
│                   │                                      │                   │
╰───────────────────│enter confirm · esc cancel            │                   │
╭─ [3] Log ─────────╰──────────────────────────────────────╯                   │
│  Rev    Author     Message   ││                                              │
│                              ││                                              │
│                              ││                                              │
│                              ││                                              │
│                              ││                                              │
│                              ││                                              │
│                              ││                                              │
╰──────────────────────────────╯╰──────────────────────────────────────────────╯
space stage · n changelist · c commit · r revert · d delete · ? help            