╭─ [1] Status ─────────────────╮╭─ Main ───────────────────────────────────────╮
│https://svn.example.com/repo/t││changelist: (staged)                          │
│r42                           ││                                              │
│3 change(s)                   ││Loading diff…                                 │
│━━━━━━━━━━━━━━━━━━━━━━━━━━────││                                              │
╰──────────────────────────────╯│                                              │
╭─ [2] ─ Changes ─── Changelist╮│                                              │
│> ● A added.txt               ││                                              │
│    M modified.go             ││                                              │
│    D gone.txt                ││                                              │
│                              ││                                              │
│                              ││                                              │
│                              ││                                              │
╰──────────────────────────────╯│                                              │
╭─ [3] Log ────────────────────╮│                                              │
│  Rev    Author     Message   ││                                              │
│                              ││                                              │
│                              ││                                              │
│                              ││                                              │
│                              ││                                              │
│                              ││                                              │
│                              ││                                              │
╰──────────────────────────────╯╰──────────────────────────────────────────────╯
space stage · n changelist · c commit · r revert · d delete · ? help            