╭─ [1] Status ─────────────────╮╭─ [0] Diff ───────────────────────────────────╮
│Root      /home/alice/work/wc ││changelist: (staged)                          │
│Source    /home/alice/work/wc ││                                              │
│CWD       /home/alice/work/wc ││Loading diff…                                 │
│Branch    trunk               ││                                              │
│Revision  r42                 ││                                              │
│                              ││                                              │
╰──────────────────────────────╯│                                              │
╭─ [2] ─ Changes ─── Changelist╮│                                              │
│> ◆ feature-x (1)             ││                                              │
│  ◆ (staged) (1)              ││                                              │
│  ◆ (unstaged) (1)            ││                                              │
│                              ││                                              │
│                              ││                                              │
╰────────────────── 1 of 3 ────╯│                                              │
╭─ [3] Log ────────────────────╮│                                              │
│  Rev Author Message          │╰──────────────────────────────────────────────╯
│                              │╭─ [4] Command Log ────────────────────────────╮
│                              ││No svn commands run yet.                      │
│                              ││                                              │
│                              ││                                              │
│                              ││                                              │
╰──────────────────────────────╯╰──────────────────────────────────────────────╯
space stage · n changelist · c commit · r revert · d delete · ? help            