╭─ [1] Status ─────────────────╮╭─ Main ───────────────────────────────────────╮
│https://svn.example.com/repo/t││added.txt                                     │
│r42                           ││state: added (A)                              │
│3 change(s)                   ││changelist: revision:staged                   │
╰──────────────────────────────╯│                                              │
╭─ [2] Files ──────────────────╮│Loading diff…                                 │
│> A  added.txt                ││                                              │
│  M  modified.go              ││                                              │
│  D  gone.txt                 ││                                              │
│                              ││                                              │
│                              ││                                              │
│                              ││                                              │
│                              ││                                              │
╰──────────────────────────────╯│                                              │
╭─ [3] Log ────────────────────╮│                                              │
│  Rev    Author     Message   ││                                              │
│                              ││                                              │
│                              ││                                              │
│                              ││                                              │
│                              ││                                              │
│                              ││                                              │
│                              ││                                              │
╰──────────────────────────────╯╰──────────────────────────────────────────────╯
1 status · 2 files · 3 log · 0 main · tab cycle · R refresh · ? help · q quit   