╭─ [1] Status ─────────────────╮╭─ [0] Diff ───────────────────────────────────╮
│Root      /home/alice/work/wc ││Loading diff…                                 │
│Source    /home/alice/work/wc ││                                              │
│CWD       /home/alice/work/wc ││                                              │
│Branch    trunk               ││                                              │
│Revision  r42                 ││                                              │
│                              ││                                              │
╰──────────────────────────────╯│                                              │
╭─ [2] ─ Changes ─── Changelist╮│                                              │
│  ▾ /              ╭─ Update available: v1.5.0 ───────────╮                   │
│>     M modified.go│> Update with cURL                    │                   │
│                   │  Update with Go                      │                   │
│                   │  Don't update this time              │                   │
│                   ╰──────────────────────────────────────╯                   │
╰────────────────── 1 of 1 ────╯│                                              │
╭─ [3] Log ────────────────────╮│                                              │
│  Rev Author Message          │╰──────────────────────────────────────────────╯
│                              │╭─ Command Log ────────────────────────────────╮
│                              ││No svn commands run yet.                      │
│                              ││                                              │
│                              ││                                              │
│                              ││                                              │
╰──────────────────────────────╯╰──────────────────────────────────────────────╯
space stage · n changelist · c commit · r revert · d delete · [ ] view · ? help 