╭─ [1] Status ─────────────────╮╭─ [0] Diff ───────────────────────────────────╮
│Root      /home/alice/work/wc ││Index: src/a.go                              ┃│
│S╭─ Side-by-side diff — src/a.go ───────────────────────────────────────────╮┃│
│C│revision 42                         │working copy                         │┃│
│B│────────────────────────────────────┼─────────────────────────────────────│┃│
│R│@@ -1,5 +1,6 @@                                                           │┃│
│ │  1  package main                   │  1  package main                    │┃│
╰─│  2                                 │  2                                  │┃│
╭─│  3 -import "fmt"                   │  3 +import (                        │┃│
│ │                                    │  4 +    "fmt"                       │┃│
│ │                                    │  5 +)                               │┃│
│>│  4                                 │  6                                  │││
│ │  5  func main() {                  │  7  func main() {                   │││
╰─│@@ -20,3 +21,2 @@                                                         │││
╭─│ 20      done()                     │ 21      done()                      │││
│ │ 21 -    cleanup()                  │                                     │ │
│ │ 22  }                              │ 22  }                               │─╯
│ │                                    │                                     │─╮
│ │                                    │                                     │ │
╰─│                                    │                                     │ │
╭─│                                    │                                     │ │
│ ╰────────────────────────── src/a.go · 1-12 of 12 · e edit · esc close ────╯ │
╰──────────────────────────────╯╰──────────────────────────────────────────────╯
space stage · n changelist · c commit · r revert · d delete · [ ] view · ? help 