╭─ [1] Status ─────────────────╮╭─ [0] Diff ───────────────────────────────────╮
│Root      /home/alice/work/wc ││Loading diff…                                 │
│Source    /home/alice/work/wc ││                                              │
│CWD       /home/alice/work/wc ││                                              │
│Branch    trunk               ││                                              │
│Revision  r42                 ││                                              │
│               ╭─ Settings ───────────────────────────────────╮               │
╰───────────────│> Log limit      100                          │               │
╭─ [2] ─ Changes│  Editor                                      │               │
│  ▾ /          │  Theme          auto                         │               │
│>     M modifie│  Directory diff on                           │               │
│               │  Hide untracked off                          │               │
│               │  SSH key        ~/.ssh/id_rsa                │               │
│               │  Display from   cwd                          │               │
╰───────────────│                                              │               │
╭─ [3] Log ─────│ctrl+s save · ↑↓ move · esc cancel            │               │
│  Rev Author Me╰──────────────────────────────────────────────╯───────────────╯
│                              │╭─ [4] Command Log ────────────────────────────╮
│                              ││No svn commands run yet.                      │
│                              ││                                              │
│                              ││                                              │
│                              ││                                              │
╰──────────────────────────────╯╰──────────────────────────────────────────────╯
space stage · n changelist · c commit · r revert · d delete · ? help            