╭─ [1] Status ─────────────────────────╮╭─ [0] About ──────────────────────────────────────────────╮
│Root      /home/alice/work/wc         ││             _    _                                       │
│Source    /home/alice/work/wc         ││ _ _ _____ _(_)__(_)___ _ _                               │
│CWD       /home/alice/work/wc         ││| '_/ -_) V / (_-< / _ \ ' \                              │
│Branch    trunk                       ││|_| \___|\_/|_/__/_\___/_||_|                             │
│Revision  r42                         ││                                                          │
│                                      ││MIT © Chirag Bapat                                        │
╰──────────────────────────────────────╯│                                                          │
╭─ [2] ─ Changes ─── Changelists ─── Di╮│Report an issue                                           │
│  ▾ /                                 ││  https://github.com/bapatchirag/revision/issues          │
│      M modified.go                   ││                                                          │
│                                      ││Release notes                                             │
│                                      ││  https://github.com/bapatchirag/revision/releases        │
│                                      ││                                                          │
│                                      ││Press S to review the active settings and any overrides.  │
│                                      ││                                                          │
│                                      ││                                                          │
╰────────────────────────── 1 of 1 ────╯│                                                          │
╭─ [3] Log ────────────────────────────╮│                                                          │
│  Rev Author Message                  ││                                                          │
│                                      ││                                                          │
│                                      │╰──────────────────────────────────────────────────────────╯
│                                      │╭─ [4] Command Log ────────────────────────────────────────╮
│                                      ││No svn commands run yet.                                  │
│                                      ││                                                          │
│                                      ││                                                          │
│                                      ││                                                          │
│                                      ││                                                          │
╰──────────────────────────────────────╯╰──────────────────────────────────────────────────────────╯
/ search · ? help                                                                                   