╭─ [1] Status ─────────────────╮╭─ Main ───────────────────────────────────────╮
│https://svn.example.com/repo/t││modified.go                                   │
│r42                           ││state: modified (M)                           │
│1 change(s)                   ││changelist: revision:staged                   │
╰──────────────────────────────╯│                                              │
╭─ [2] Files ──────────────────╮│Loading diff…                                 │
│> ● M modified.╭─ Commit message ─────────────────────────────╮               │
│               │Fix status parsing                            │               │
│               │                                              │               │
│               │                                              │               │
│               │                                              │               │
│               │                                              │               │
│               │                                              │               │
╰───────────────│                                              │               │
╭─ [3] Log ─────│                                              │               │
│  Rev    Author│                                              │               │
│               │ctrl+s submit · esc cancel                    │               │
│               ╰──────────────────────────────────────────────╯               │
│                              ││                                              │
│                              ││                                              │
│                              ││                                              │
│                              ││                                              │
╰──────────────────────────────╯╰──────────────────────────────────────────────╯
space stage · c commit · r revert · d delete · u update · ? help · q quit       