╭─ [1] S╭─ Keybindings ────────────────────────────────────────────────╮───────╮
│Root   │Changes                         Navigation                    │       │
│Source │  Stage / unstage        space    Jump to panel      1 2 3 4 0│       │
│CWD    │  Add to version control     a    Cycle panels tab / shift+tab│       │
│Branch │  Assign changelist          n    Move up / down         k / j│       │
│Revisio│  Commit staged / list       c    Jump top / bottom      g / G│       │
│       │  Expand changelist      enter    Next / prev history pa n / p│       │
╰───────│  Revert / delete file   r / d    Scroll main up / down  K / J│       │
╭─ [2] ─│  Apply saved patch          p    Scroll main l / r      h / l│       │
│   ▾ / │  Resolve conflict           m    Line start / end  home / end│       │
│>      │Shelf                             Filter panel               /│       │
│       │  Pick / shelve          v / z  View                          │       │
│       │  Apply / pop        enter / p    Switch file view       [ / ]│       │
╰───────│  Drop / rename          d / n    Side-by-side / save    s / w│       │
╭─ [3] L│Working copy                      Pick revisions             v│       │
│  Rev A│  Update working copy        u    Diff picked revisions  enter│       │
│       │  Update to rev (Log)    space    Dir diff / untracked   D / U│───────╯
│       │  Open file in editor        e    Toggle command log         x│───────╮
│       │  Change source path         P  General                       │       │
╰───────│  Switch repository          W    Toggle help                ?│       │
╭─ [4] S│  Refresh / settings     R / S    Quit                       q│       │
│       │  Toggle live refresh        L                                │       │
╰───────╰──────────────────────────────────────────────────────────────╯───────╯
space stage · a add · v pick · n changelist · c commit · r revert · d delete · …