╭─ [1] Status ─────────────────╮╭─ Main ───────────────────────────────────────╮
│https://svn.example.com/repo/t││changelist: (staged)                          │
│r42                           ││                                              │
│1 change(s)                   ││Loading diff…                                 │
│━━━━━━━━━━━━━━━━━━━━━━━━━━────││                                              │
╰──────────────────────────────╯│                                              │
╭─ [2] ─ Changes╭─ Commit message ─────────────────────────────╮               │
│  ▾ /          │Fix status parsing                            │               │
│>   ● M modifie│                                              │               │
│               │                                              │               │
│               │                                              │               │
│               │                                              │               │
│               │                                              │               │
╰───────────────│                                              │               │
╭─ [3] Log ─────│                                              │               │
│  Rev    Author│                                              │               │
│               │ctrl+s submit · esc cancel                    │               │
│               ╰──────────────────────────────────────────────╯               │
│                              ││                                              │
│                              ││                                              │
│                              ││                                              │
│                              ││                                              │
╰──────────────────────────────╯╰──────────────────────────────────────────────╯
space stage · n changelist · c commit · r revert · d delete · ? help            