╭─ [1] Status ─────────────────╮╭─ Main ───────────────────────────────────────╮
│https://svn.example.com/repo/t││added.txt                                     │
│r42                           ││state: added (A)                              │
│3 change(s)                   ││changelist: (staged)                          │
╰──────────────────────────────╯│                                              │
╭─ [2] ─ Changes ─── Changelist╮│Loading diff…                                 │
│> ◆ feature-x (1)             ││                                              │
│  ◆ (staged) (1)              ││                                              │
│  ◆ (unstaged) (1)            ││                                              │
│                              ││                                              │
│                              ││                                              │
│                              ││                                              │
│                              ││                                              │
╰──────────────────────────────╯│                                              │
╭─ [3] Log ────────────────────╮│                                              │
│  Rev    Author     Message   ││                                              │
│                              ││                                              │
│                              ││                                              │
│                              ││                                              │
│                              ││                                              │
│                              ││                                              │
│                              ││                                              │
╰──────────────────────────────╯╰──────────────────────────────────────────────╯
space stage · n changelist · c commit · r revert · d delete · ? help            