╭─ [1] Status ─────────────────╮╭─ Main ───────────────────────────────────────╮
│https://svn.example.com/repo/t││added.txt                                     │
│r42                           ││state: added (A)                              │
│3 change(s)                   ││changelist: revision:staged                   │
╰──────────────────────────────╯│                                              │
╭─ [2] Files ──────────────────╮│Loading diff…                                 │
│> ● A added.txt               ││                                              │
│    M modified.go             ││                                              │
│    D gone.txt                ││                                              │
│                              ││                                              │
│                              ││                                              │
│                              ││                                              │
│                              ││                                              │
╰──────────────────────────────╯│                                              │
╭─ [3] Log ────────────────────╮│                                              │
│  Rev    Author     Message   ││                                              │
│                              ││                                              │
│                              ││                                              │
│                              ││                                              │
│                              ││                                              │
│                              ││                                              │
│                              ││                                              │
╰──────────────────────────────╯╰──────────────────────────────────────────────╯
space stage · c commit · r revert · d delete · u update · ? help · q quit       