╭─ [1] Status ─────────────────╮╭─ [0] Diff ───────────────────────────────────╮
│Root      /home/alice/work/wc ││changelist: feature-x                         │
│Source    /home/alice/work/wc ││                                              │
│CWD       /home/alice/work/wc ││Loading diff…                                 │
│Revision  r42                 ││                                              │
│                              ││                                              │
╰──────────────────────────────╯│                                              │
╭─ [2] ─ feature-x ────────────╮│                                              │
│  ▾ /                         ││                                              │
│>   ● M feature.go            ││                                              │
│    ● A other.go              ││                                              │
│                              ││                                              │
│                              ││                                              │
│                              ││                                              │
╰──────────────────────────────╯│                                              │
╭─ [3] Log ────────────────────╮│                                              │
│  Rev Author Message          ││                                              │
│                              ││                                              │
│                              ││                                              │
│                              ││                                              │
│                              ││                                              │
│                              ││                                              │
╰──────────────────────────────╯╰──────────────────────────────────────────────╯
space unstage · c commit · esc back · [ ] view · ? help                         