╭─ [1] Status ─────────────────╮╭─ [0] Diff ───────────────────────────────────╮
│Root      /home/alice/work/wc ││Loading diff…                                 │
│Source    /home/alice/work/wc ││                                              │
│CWD       /home/alice/work/wc ││                                              │
│Branch    trunk╭─ Settings ───────────────────────────────────╮               │
│Revision  r42  │> Log limit          100                      │               │
│               │  Editor             native                   │               │
╰───────────────│  Theme              auto                     │               │
╭─ [2] ─ Changes│  Directory diff     on                       │               │
│  ▾ /          │  Hide untracked     off                      │               │
│>     M modifie│  SSH key            ~/.ssh/id_rsa            │               │
│               │  Display from       cwd                      │               │
│               │  Diff output                                 │               │
╰───────────────│  Optimistic updates on                       │               │
╭─ [3] Log ─────│  Live refresh       on                       │               │
│  Rev Author Me│  Allow mouse        off                      │               │
│               │  Hide rules         none                     │───────────────╯
│               │                                              │───────────────╮
│               │ctrl+s save · ↑↓ move · esc cancel            │               │
╰───────────────╰──────────────────────────────────────────────╯               │
╭─ [4] Shelf ──────────────────╮│                                              │
│                              ││                                              │
╰──────────────────────────────╯╰──────────────────────────────────────────────╯
space stage · n changelist · c commit · r revert · d delete · [ ] view · ? help 