╭─ [1] Status ─────────────────╮╭─ [0] Diff ───────────────────────────────────╮
│Root      /home/alice/work/wc ││Loading diff…                                 │
│Source    /home/alice/work/wc ││                                              │
│CWD       /home/alice/work/wc ││                                              │
│Branch    trunk               ││                                              │
│Revision  r42  ╭─ Settings ───────────────────────────────────╮               │
│               │> Log limit          100                      │               │
╰───────────────│  Editor             native                   │               │
╭─ [2] ─ Changes│  Theme              auto                     │               │
│  ▾ /          │  Directory diff     on                       │               │
│>     M modifie│  Hide untracked     off                      │               │
│               │  SSH key            ~/.ssh/id_rsa            │               │
│               │  Display from       cwd                      │               │
│               │  Diff output                                 │               │
╰───────────────│  Optimistic updates on                       │               │
╭─ [3] Log ─────│  Live refresh       on                       │               │
│  Rev Author Me│                                              │───────────────╯
│               │ctrl+s save · ↑↓ move · esc cancel            │───────────────╮
│               ╰──────────────────────────────────────────────╯               │
│                              ││                                              │
│                              ││                                              │
│                              ││                                              │
╰──────────────────────────────╯╰──────────────────────────────────────────────╯
space stage · n changelist · c commit · r revert · d delete · [ ] view · ? help 